[2m2026-03-25T01:19:27.322605Z[0m [[32m[1minfo     [0m] [1mResolved App Config           [0m [36mconfig[0m=[35m{'ARGV_PREFIX': '--APP', 'LOAD_DOTENV': True}[0m [36mfunc_name[0m=[35m__init__[0m [36mlineno[0m=[35m91[0m
Attempting to acquire lock 4495498448 on /tmp/ray/session_2026-03-25_09-19-27_376061_58423/node_ip_address.json.lock
Lock 4495498448 acquired on /tmp/ray/session_2026-03-25_09-19-27_376061_58423/node_ip_address.json.lock
Attempting to release lock 4495498448 on /tmp/ray/session_2026-03-25_09-19-27_376061_58423/node_ip_address.json.lock
Lock 4495498448 released on /tmp/ray/session_2026-03-25_09-19-27_376061_58423/node_ip_address.json.lock
Attempting to acquire lock 4495498320 on /tmp/ray/session_2026-03-25_09-19-27_376061_58423/ports_by_node.json.lock
Lock 4495498320 acquired on /tmp/ray/session_2026-03-25_09-19-27_376061_58423/ports_by_node.json.lock
Attempting to release lock 4495498320 on /tmp/ray/session_2026-03-25_09-19-27_376061_58423/ports_by_node.json.lock
Lock 4495498320 released on /tmp/ray/session_2026-03-25_09-19-27_376061_58423/ports_by_node.json.lock
Attempting to acquire lock 4495499344 on /tmp/ray/session_2026-03-25_09-19-27_376061_58423/ports_by_node.json.lock
Lock 4495499344 acquired on /tmp/ray/session_2026-03-25_09-19-27_376061_58423/ports_by_node.json.lock
Attempting to release lock 4495499344 on /tmp/ray/session_2026-03-25_09-19-27_376061_58423/ports_by_node.json.lock
Lock 4495499344 released on /tmp/ray/session_2026-03-25_09-19-27_376061_58423/ports_by_node.json.lock
Attempting to acquire lock 4495499408 on /tmp/ray/session_2026-03-25_09-19-27_376061_58423/ports_by_node.json.lock
Lock 4495499408 acquired on /tmp/ray/session_2026-03-25_09-19-27_376061_58423/ports_by_node.json.lock
Attempting to release lock 4495499408 on /tmp/ray/session_2026-03-25_09-19-27_376061_58423/ports_by_node.json.lock
Lock 4495499408 released on /tmp/ray/session_2026-03-25_09-19-27_376061_58423/ports_by_node.json.lock
Attempting to acquire lock 4495499536 on /tmp/ray/session_2026-03-25_09-19-27_376061_58423/ports_by_node.json.lock
Lock 4495499536 acquired on /tmp/ray/session_2026-03-25_09-19-27_376061_58423/ports_by_node.json.lock
Attempting to release lock 4495499536 on /tmp/ray/session_2026-03-25_09-19-27_376061_58423/ports_by_node.json.lock
Lock 4495499536 released on /tmp/ray/session_2026-03-25_09-19-27_376061_58423/ports_by_node.json.lock
Attempting to acquire lock 4495499600 on /tmp/ray/session_2026-03-25_09-19-27_376061_58423/ports_by_node.json.lock
Lock 4495499600 acquired on /tmp/ray/session_2026-03-25_09-19-27_376061_58423/ports_by_node.json.lock
Attempting to release lock 4495499600 on /tmp/ray/session_2026-03-25_09-19-27_376061_58423/ports_by_node.json.lock
Lock 4495499600 released on /tmp/ray/session_2026-03-25_09-19-27_376061_58423/ports_by_node.json.lock
[2m2026-03-25T01:19:31.792465Z[0m [[32m[1mdebug    [0m] [1mCreating new service instance [0m [36mfunc_name[0m=[35mget_service[0m [36minstance_key[0m=[35m"<class 'type'>:default"[0m [36mlineno[0m=[35m44[0m [36mservice_type[0m=[35mclickhouse_db[0m
[2m2026-03-25T01:20:40.015147Z[0m [[32m[1minfo     [0m] [1mResolved App Config           [0m [36mconfig[0m=[35m{'ARGV_PREFIX': '--APP', 'LOAD_DOTENV': True}[0m [36mfunc_name[0m=[35m__init__[0m [36mlineno[0m=[35m91[0m
Attempting to acquire lock 4574093456 on /tmp/ray/session_2026-03-25_09-20-40_143271_59248/node_ip_address.json.lock
Lock 4574093456 acquired on /tmp/ray/session_2026-03-25_09-20-40_143271_59248/node_ip_address.json.lock
Attempting to release lock 4574093456 on /tmp/ray/session_2026-03-25_09-20-40_143271_59248/node_ip_address.json.lock
Lock 4574093456 released on /tmp/ray/session_2026-03-25_09-20-40_143271_59248/node_ip_address.json.lock
Attempting to acquire lock 4574093648 on /tmp/ray/session_2026-03-25_09-20-40_143271_59248/ports_by_node.json.lock
Lock 4574093648 acquired on /tmp/ray/session_2026-03-25_09-20-40_143271_59248/ports_by_node.json.lock
Attempting to release lock 4574093648 on /tmp/ray/session_2026-03-25_09-20-40_143271_59248/ports_by_node.json.lock
Lock 4574093648 released on /tmp/ray/session_2026-03-25_09-20-40_143271_59248/ports_by_node.json.lock
Attempting to acquire lock 4574094160 on /tmp/ray/session_2026-03-25_09-20-40_143271_59248/ports_by_node.json.lock
Lock 4574094160 acquired on /tmp/ray/session_2026-03-25_09-20-40_143271_59248/ports_by_node.json.lock
Attempting to release lock 4574094160 on /tmp/ray/session_2026-03-25_09-20-40_143271_59248/ports_by_node.json.lock
Lock 4574094160 released on /tmp/ray/session_2026-03-25_09-20-40_143271_59248/ports_by_node.json.lock
Attempting to acquire lock 4574094352 on /tmp/ray/session_2026-03-25_09-20-40_143271_59248/ports_by_node.json.lock
Lock 4574094352 acquired on /tmp/ray/session_2026-03-25_09-20-40_143271_59248/ports_by_node.json.lock
Attempting to release lock 4574094352 on /tmp/ray/session_2026-03-25_09-20-40_143271_59248/ports_by_node.json.lock
Lock 4574094352 released on /tmp/ray/session_2026-03-25_09-20-40_143271_59248/ports_by_node.json.lock
Attempting to acquire lock 4574094480 on /tmp/ray/session_2026-03-25_09-20-40_143271_59248/ports_by_node.json.lock
Lock 4574094480 acquired on /tmp/ray/session_2026-03-25_09-20-40_143271_59248/ports_by_node.json.lock
Attempting to release lock 4574094480 on /tmp/ray/session_2026-03-25_09-20-40_143271_59248/ports_by_node.json.lock
Lock 4574094480 released on /tmp/ray/session_2026-03-25_09-20-40_143271_59248/ports_by_node.json.lock
Attempting to acquire lock 4574094608 on /tmp/ray/session_2026-03-25_09-20-40_143271_59248/ports_by_node.json.lock
Lock 4574094608 acquired on /tmp/ray/session_2026-03-25_09-20-40_143271_59248/ports_by_node.json.lock
Attempting to release lock 4574094608 on /tmp/ray/session_2026-03-25_09-20-40_143271_59248/ports_by_node.json.lock
Lock 4574094608 released on /tmp/ray/session_2026-03-25_09-20-40_143271_59248/ports_by_node.json.lock
[2m2026-03-25T01:20:43.542443Z[0m [[32m[1mdebug    [0m] [1mCreating new service instance [0m [36mfunc_name[0m=[35mget_service[0m [36minstance_key[0m=[35m"<class 'type'>:default"[0m [36mlineno[0m=[35m44[0m [36mservice_type[0m=[35mclickhouse_db[0m
[2m2026-03-25T01:28:29.260841Z[0m [[32m[1minfo     [0m] [1mResolved App Config           [0m [36mconfig[0m=[35m{'ARGV_PREFIX': '--APP', 'LOAD_DOTENV': True}[0m [36mfunc_name[0m=[35m__init__[0m [36mlineno[0m=[35m91[0m
Attempting to acquire lock 4517141392 on /tmp/ray/session_2026-03-25_09-28-29_309958_64344/node_ip_address.json.lock
Lock 4517141392 acquired on /tmp/ray/session_2026-03-25_09-28-29_309958_64344/node_ip_address.json.lock
Attempting to release lock 4517141392 on /tmp/ray/session_2026-03-25_09-28-29_309958_64344/node_ip_address.json.lock
Lock 4517141392 released on /tmp/ray/session_2026-03-25_09-28-29_309958_64344/node_ip_address.json.lock
Attempting to acquire lock 4517141008 on /tmp/ray/session_2026-03-25_09-28-29_309958_64344/ports_by_node.json.lock
Lock 4517141008 acquired on /tmp/ray/session_2026-03-25_09-28-29_309958_64344/ports_by_node.json.lock
Attempting to release lock 4517141008 on /tmp/ray/session_2026-03-25_09-28-29_309958_64344/ports_by_node.json.lock
Lock 4517141008 released on /tmp/ray/session_2026-03-25_09-28-29_309958_64344/ports_by_node.json.lock
Attempting to acquire lock 4517142224 on /tmp/ray/session_2026-03-25_09-28-29_309958_64344/ports_by_node.json.lock
Lock 4517142224 acquired on /tmp/ray/session_2026-03-25_09-28-29_309958_64344/ports_by_node.json.lock
Attempting to release lock 4517142224 on /tmp/ray/session_2026-03-25_09-28-29_309958_64344/ports_by_node.json.lock
Lock 4517142224 released on /tmp/ray/session_2026-03-25_09-28-29_309958_64344/ports_by_node.json.lock
Attempting to acquire lock 4517142416 on /tmp/ray/session_2026-03-25_09-28-29_309958_64344/ports_by_node.json.lock
Lock 4517142416 acquired on /tmp/ray/session_2026-03-25_09-28-29_309958_64344/ports_by_node.json.lock
Attempting to release lock 4517142416 on /tmp/ray/session_2026-03-25_09-28-29_309958_64344/ports_by_node.json.lock
Lock 4517142416 released on /tmp/ray/session_2026-03-25_09-28-29_309958_64344/ports_by_node.json.lock
Attempting to acquire lock 4517142544 on /tmp/ray/session_2026-03-25_09-28-29_309958_64344/ports_by_node.json.lock
Lock 4517142544 acquired on /tmp/ray/session_2026-03-25_09-28-29_309958_64344/ports_by_node.json.lock
Attempting to release lock 4517142544 on /tmp/ray/session_2026-03-25_09-28-29_309958_64344/ports_by_node.json.lock
Lock 4517142544 released on /tmp/ray/session_2026-03-25_09-28-29_309958_64344/ports_by_node.json.lock
Attempting to acquire lock 4517142288 on /tmp/ray/session_2026-03-25_09-28-29_309958_64344/ports_by_node.json.lock
Lock 4517142288 acquired on /tmp/ray/session_2026-03-25_09-28-29_309958_64344/ports_by_node.json.lock
Attempting to release lock 4517142288 on /tmp/ray/session_2026-03-25_09-28-29_309958_64344/ports_by_node.json.lock
Lock 4517142288 released on /tmp/ray/session_2026-03-25_09-28-29_309958_64344/ports_by_node.json.lock
[2m2026-03-25T01:28:32.661907Z[0m [[32m[1mdebug    [0m] [1mCreating new service instance [0m [36mfunc_name[0m=[35mget_service[0m [36minstance_key[0m=[35mclickhouse_db:133146708735736[0m [36mlineno[0m=[35m54[0m [36mservice_type[0m=[35mclickhouse_db[0m
[2m2026-03-25T01:29:45.022379Z[0m [[32m[1minfo     [0m] [1mResolved App Config           [0m [36mconfig[0m=[35m{'ARGV_PREFIX': '--APP', 'LOAD_DOTENV': True}[0m [36mfunc_name[0m=[35m__init__[0m [36mlineno[0m=[35m91[0m
Attempting to acquire lock 4565639504 on /tmp/ray/session_2026-03-25_09-29-45_080001_65212/node_ip_address.json.lock
Lock 4565639504 acquired on /tmp/ray/session_2026-03-25_09-29-45_080001_65212/node_ip_address.json.lock
Attempting to release lock 4565639504 on /tmp/ray/session_2026-03-25_09-29-45_080001_65212/node_ip_address.json.lock
Lock 4565639504 released on /tmp/ray/session_2026-03-25_09-29-45_080001_65212/node_ip_address.json.lock
Attempting to acquire lock 4565639248 on /tmp/ray/session_2026-03-25_09-29-45_080001_65212/ports_by_node.json.lock
Lock 4565639248 acquired on /tmp/ray/session_2026-03-25_09-29-45_080001_65212/ports_by_node.json.lock
Attempting to release lock 4565639248 on /tmp/ray/session_2026-03-25_09-29-45_080001_65212/ports_by_node.json.lock
Lock 4565639248 released on /tmp/ray/session_2026-03-25_09-29-45_080001_65212/ports_by_node.json.lock
Attempting to acquire lock 4565640336 on /tmp/ray/session_2026-03-25_09-29-45_080001_65212/ports_by_node.json.lock
Lock 4565640336 acquired on /tmp/ray/session_2026-03-25_09-29-45_080001_65212/ports_by_node.json.lock
Attempting to release lock 4565640336 on /tmp/ray/session_2026-03-25_09-29-45_080001_65212/ports_by_node.json.lock
Lock 4565640336 released on /tmp/ray/session_2026-03-25_09-29-45_080001_65212/ports_by_node.json.lock
Attempting to acquire lock 4565640400 on /tmp/ray/session_2026-03-25_09-29-45_080001_65212/ports_by_node.json.lock
Lock 4565640400 acquired on /tmp/ray/session_2026-03-25_09-29-45_080001_65212/ports_by_node.json.lock
Attempting to release lock 4565640400 on /tmp/ray/session_2026-03-25_09-29-45_080001_65212/ports_by_node.json.lock
Lock 4565640400 released on /tmp/ray/session_2026-03-25_09-29-45_080001_65212/ports_by_node.json.lock
Attempting to acquire lock 4565640592 on /tmp/ray/session_2026-03-25_09-29-45_080001_65212/ports_by_node.json.lock
Lock 4565640592 acquired on /tmp/ray/session_2026-03-25_09-29-45_080001_65212/ports_by_node.json.lock
Attempting to release lock 4565640592 on /tmp/ray/session_2026-03-25_09-29-45_080001_65212/ports_by_node.json.lock
Lock 4565640592 released on /tmp/ray/session_2026-03-25_09-29-45_080001_65212/ports_by_node.json.lock
Attempting to acquire lock 4565640720 on /tmp/ray/session_2026-03-25_09-29-45_080001_65212/ports_by_node.json.lock
Lock 4565640720 acquired on /tmp/ray/session_2026-03-25_09-29-45_080001_65212/ports_by_node.json.lock
Attempting to release lock 4565640720 on /tmp/ray/session_2026-03-25_09-29-45_080001_65212/ports_by_node.json.lock
Lock 4565640720 released on /tmp/ray/session_2026-03-25_09-29-45_080001_65212/ports_by_node.json.lock
[2m2026-03-25T01:29:49.264695Z[0m [[32m[1mdebug    [0m] [1mCreating new service instance [0m [36mfunc_name[0m=[35mget_service[0m [36minstance_key[0m=[35mclickhouse_db:133146708735736[0m [36mlineno[0m=[35m54[0m [36mservice_type[0m=[35mclickhouse_db[0m
[2m2026-03-25T01:31:04.864266Z[0m [[32m[1minfo     [0m] [1mResolved App Config           [0m [36mconfig[0m=[35m{'ARGV_PREFIX': '--APP', 'LOAD_DOTENV': True}[0m [36mfunc_name[0m=[35m__init__[0m [36mlineno[0m=[35m90[0m
Attempting to acquire lock 4563017232 on /tmp/ray/session_2026-03-25_09-31-04_929585_66163/node_ip_address.json.lock
Lock 4563017232 acquired on /tmp/ray/session_2026-03-25_09-31-04_929585_66163/node_ip_address.json.lock
Attempting to release lock 4563017232 on /tmp/ray/session_2026-03-25_09-31-04_929585_66163/node_ip_address.json.lock
Lock 4563017232 released on /tmp/ray/session_2026-03-25_09-31-04_929585_66163/node_ip_address.json.lock
Attempting to acquire lock 4563016912 on /tmp/ray/session_2026-03-25_09-31-04_929585_66163/ports_by_node.json.lock
Lock 4563016912 acquired on /tmp/ray/session_2026-03-25_09-31-04_929585_66163/ports_by_node.json.lock
Attempting to release lock 4563016912 on /tmp/ray/session_2026-03-25_09-31-04_929585_66163/ports_by_node.json.lock
Lock 4563016912 released on /tmp/ray/session_2026-03-25_09-31-04_929585_66163/ports_by_node.json.lock
Attempting to acquire lock 4563018192 on /tmp/ray/session_2026-03-25_09-31-04_929585_66163/ports_by_node.json.lock
Lock 4563018192 acquired on /tmp/ray/session_2026-03-25_09-31-04_929585_66163/ports_by_node.json.lock
Attempting to release lock 4563018192 on /tmp/ray/session_2026-03-25_09-31-04_929585_66163/ports_by_node.json.lock
Lock 4563018192 released on /tmp/ray/session_2026-03-25_09-31-04_929585_66163/ports_by_node.json.lock
Attempting to acquire lock 4563017872 on /tmp/ray/session_2026-03-25_09-31-04_929585_66163/ports_by_node.json.lock
Lock 4563017872 acquired on /tmp/ray/session_2026-03-25_09-31-04_929585_66163/ports_by_node.json.lock
Attempting to release lock 4563017872 on /tmp/ray/session_2026-03-25_09-31-04_929585_66163/ports_by_node.json.lock
Lock 4563017872 released on /tmp/ray/session_2026-03-25_09-31-04_929585_66163/ports_by_node.json.lock
Attempting to acquire lock 4563018320 on /tmp/ray/session_2026-03-25_09-31-04_929585_66163/ports_by_node.json.lock
Lock 4563018320 acquired on /tmp/ray/session_2026-03-25_09-31-04_929585_66163/ports_by_node.json.lock
Attempting to release lock 4563018320 on /tmp/ray/session_2026-03-25_09-31-04_929585_66163/ports_by_node.json.lock
Lock 4563018320 released on /tmp/ray/session_2026-03-25_09-31-04_929585_66163/ports_by_node.json.lock
Attempting to acquire lock 4563018448 on /tmp/ray/session_2026-03-25_09-31-04_929585_66163/ports_by_node.json.lock
Lock 4563018448 acquired on /tmp/ray/session_2026-03-25_09-31-04_929585_66163/ports_by_node.json.lock
Attempting to release lock 4563018448 on /tmp/ray/session_2026-03-25_09-31-04_929585_66163/ports_by_node.json.lock
Lock 4563018448 released on /tmp/ray/session_2026-03-25_09-31-04_929585_66163/ports_by_node.json.lock
[2m2026-03-25T01:31:08.490088Z[0m [[32m[1mdebug    [0m] [1mCreating new service instance [0m [36mfunc_name[0m=[35mget_service[0m [36minstance_key[0m=[35mclickhouse_db:133146708735736[0m [36mlineno[0m=[35m54[0m [36mservice_type[0m=[35mclickhouse_db[0m
[2m2026-03-25T01:32:42.133759Z[0m [[32m[1minfo     [0m] [1mResolved App Config           [0m [36mconfig[0m=[35m{'ARGV_PREFIX': '--APP', 'LOAD_DOTENV': True}[0m [36mfunc_name[0m=[35m__init__[0m [36mlineno[0m=[35m90[0m
Attempting to acquire lock 4589674064 on /tmp/ray/session_2026-03-25_09-32-42_184809_67280/node_ip_address.json.lock
Lock 4589674064 acquired on /tmp/ray/session_2026-03-25_09-32-42_184809_67280/node_ip_address.json.lock
Attempting to release lock 4589674064 on /tmp/ray/session_2026-03-25_09-32-42_184809_67280/node_ip_address.json.lock
Lock 4589674064 released on /tmp/ray/session_2026-03-25_09-32-42_184809_67280/node_ip_address.json.lock
Attempting to acquire lock 4589673936 on /tmp/ray/session_2026-03-25_09-32-42_184809_67280/ports_by_node.json.lock
Lock 4589673936 acquired on /tmp/ray/session_2026-03-25_09-32-42_184809_67280/ports_by_node.json.lock
Attempting to release lock 4589673936 on /tmp/ray/session_2026-03-25_09-32-42_184809_67280/ports_by_node.json.lock
Lock 4589673936 released on /tmp/ray/session_2026-03-25_09-32-42_184809_67280/ports_by_node.json.lock
Attempting to acquire lock 4589674960 on /tmp/ray/session_2026-03-25_09-32-42_184809_67280/ports_by_node.json.lock
Lock 4589674960 acquired on /tmp/ray/session_2026-03-25_09-32-42_184809_67280/ports_by_node.json.lock
Attempting to release lock 4589674960 on /tmp/ray/session_2026-03-25_09-32-42_184809_67280/ports_by_node.json.lock
Lock 4589674960 released on /tmp/ray/session_2026-03-25_09-32-42_184809_67280/ports_by_node.json.lock
Attempting to acquire lock 4589675024 on /tmp/ray/session_2026-03-25_09-32-42_184809_67280/ports_by_node.json.lock
Lock 4589675024 acquired on /tmp/ray/session_2026-03-25_09-32-42_184809_67280/ports_by_node.json.lock
Attempting to release lock 4589675024 on /tmp/ray/session_2026-03-25_09-32-42_184809_67280/ports_by_node.json.lock
Lock 4589675024 released on /tmp/ray/session_2026-03-25_09-32-42_184809_67280/ports_by_node.json.lock
Attempting to acquire lock 4589675088 on /tmp/ray/session_2026-03-25_09-32-42_184809_67280/ports_by_node.json.lock
Lock 4589675088 acquired on /tmp/ray/session_2026-03-25_09-32-42_184809_67280/ports_by_node.json.lock
Attempting to release lock 4589675088 on /tmp/ray/session_2026-03-25_09-32-42_184809_67280/ports_by_node.json.lock
Lock 4589675088 released on /tmp/ray/session_2026-03-25_09-32-42_184809_67280/ports_by_node.json.lock
Attempting to acquire lock 4589675216 on /tmp/ray/session_2026-03-25_09-32-42_184809_67280/ports_by_node.json.lock
Lock 4589675216 acquired on /tmp/ray/session_2026-03-25_09-32-42_184809_67280/ports_by_node.json.lock
Attempting to release lock 4589675216 on /tmp/ray/session_2026-03-25_09-32-42_184809_67280/ports_by_node.json.lock
Lock 4589675216 released on /tmp/ray/session_2026-03-25_09-32-42_184809_67280/ports_by_node.json.lock
[2m2026-03-25T01:32:45.971133Z[0m [[32m[1mdebug    [0m] [1mCreating new service instance [0m [36mfunc_name[0m=[35mget_service[0m [36minstance_key[0m=[35mclickhouse_db:133146708735736[0m [36mlineno[0m=[35m54[0m [36mservice_type[0m=[35mclickhouse_db[0m
[2m2026-03-25T01:34:01.875403Z[0m [[32m[1minfo     [0m] [1mResolved App Config           [0m [36mconfig[0m=[35m{'ARGV_PREFIX': '--APP', 'LOAD_DOTENV': True}[0m [36mfunc_name[0m=[35m__init__[0m [36mlineno[0m=[35m90[0m
Attempting to acquire lock 4627471184 on /tmp/ray/session_2026-03-25_09-34-01_939782_68201/node_ip_address.json.lock
Lock 4627471184 acquired on /tmp/ray/session_2026-03-25_09-34-01_939782_68201/node_ip_address.json.lock
Attempting to release lock 4627471184 on /tmp/ray/session_2026-03-25_09-34-01_939782_68201/node_ip_address.json.lock
Lock 4627471184 released on /tmp/ray/session_2026-03-25_09-34-01_939782_68201/node_ip_address.json.lock
Attempting to acquire lock 4627471632 on /tmp/ray/session_2026-03-25_09-34-01_939782_68201/ports_by_node.json.lock
Lock 4627471632 acquired on /tmp/ray/session_2026-03-25_09-34-01_939782_68201/ports_by_node.json.lock
Attempting to release lock 4627471632 on /tmp/ray/session_2026-03-25_09-34-01_939782_68201/ports_by_node.json.lock
Lock 4627471632 released on /tmp/ray/session_2026-03-25_09-34-01_939782_68201/ports_by_node.json.lock
Attempting to acquire lock 4627472208 on /tmp/ray/session_2026-03-25_09-34-01_939782_68201/ports_by_node.json.lock
Lock 4627472208 acquired on /tmp/ray/session_2026-03-25_09-34-01_939782_68201/ports_by_node.json.lock
Attempting to release lock 4627472208 on /tmp/ray/session_2026-03-25_09-34-01_939782_68201/ports_by_node.json.lock
Lock 4627472208 released on /tmp/ray/session_2026-03-25_09-34-01_939782_68201/ports_by_node.json.lock
Attempting to acquire lock 4627471952 on /tmp/ray/session_2026-03-25_09-34-01_939782_68201/ports_by_node.json.lock
Lock 4627471952 acquired on /tmp/ray/session_2026-03-25_09-34-01_939782_68201/ports_by_node.json.lock
Attempting to release lock 4627471952 on /tmp/ray/session_2026-03-25_09-34-01_939782_68201/ports_by_node.json.lock
Lock 4627471952 released on /tmp/ray/session_2026-03-25_09-34-01_939782_68201/ports_by_node.json.lock
Attempting to acquire lock 4627472400 on /tmp/ray/session_2026-03-25_09-34-01_939782_68201/ports_by_node.json.lock
Lock 4627472400 acquired on /tmp/ray/session_2026-03-25_09-34-01_939782_68201/ports_by_node.json.lock
Attempting to release lock 4627472400 on /tmp/ray/session_2026-03-25_09-34-01_939782_68201/ports_by_node.json.lock
Lock 4627472400 released on /tmp/ray/session_2026-03-25_09-34-01_939782_68201/ports_by_node.json.lock
Attempting to acquire lock 4627472528 on /tmp/ray/session_2026-03-25_09-34-01_939782_68201/ports_by_node.json.lock
Lock 4627472528 acquired on /tmp/ray/session_2026-03-25_09-34-01_939782_68201/ports_by_node.json.lock
Attempting to release lock 4627472528 on /tmp/ray/session_2026-03-25_09-34-01_939782_68201/ports_by_node.json.lock
Lock 4627472528 released on /tmp/ray/session_2026-03-25_09-34-01_939782_68201/ports_by_node.json.lock
[2m2026-03-25T01:34:06.020496Z[0m [[32m[1mdebug    [0m] [1mCreating new service instance [0m [36mfunc_name[0m=[35mget_service[0m [36minstance_key[0m=[35mclickhouse_db:133146708735736[0m [36mlineno[0m=[35m54[0m [36mservice_type[0m=[35mclickhouse_db[0m
[2m2026-03-25T01:37:34.250865Z[0m [[32m[1minfo     [0m] [1mResolved App Config           [0m [36mconfig[0m=[35m{'ARGV_PREFIX': '--APP', 'LOAD_DOTENV': True}[0m [36mfunc_name[0m=[35m__init__[0m [36mlineno[0m=[35m90[0m
Attempting to acquire lock 4723481040 on /tmp/ray/session_2026-03-25_09-37-34_308281_70514/node_ip_address.json.lock
Lock 4723481040 acquired on /tmp/ray/session_2026-03-25_09-37-34_308281_70514/node_ip_address.json.lock
Attempting to release lock 4723481040 on /tmp/ray/session_2026-03-25_09-37-34_308281_70514/node_ip_address.json.lock
Lock 4723481040 released on /tmp/ray/session_2026-03-25_09-37-34_308281_70514/node_ip_address.json.lock
Attempting to acquire lock 4723481360 on /tmp/ray/session_2026-03-25_09-37-34_308281_70514/ports_by_node.json.lock
Lock 4723481360 acquired on /tmp/ray/session_2026-03-25_09-37-34_308281_70514/ports_by_node.json.lock
Attempting to release lock 4723481360 on /tmp/ray/session_2026-03-25_09-37-34_308281_70514/ports_by_node.json.lock
Lock 4723481360 released on /tmp/ray/session_2026-03-25_09-37-34_308281_70514/ports_by_node.json.lock
Attempting to acquire lock 4723482000 on /tmp/ray/session_2026-03-25_09-37-34_308281_70514/ports_by_node.json.lock
Lock 4723482000 acquired on /tmp/ray/session_2026-03-25_09-37-34_308281_70514/ports_by_node.json.lock
Attempting to release lock 4723482000 on /tmp/ray/session_2026-03-25_09-37-34_308281_70514/ports_by_node.json.lock
Lock 4723482000 released on /tmp/ray/session_2026-03-25_09-37-34_308281_70514/ports_by_node.json.lock
Attempting to acquire lock 4723482128 on /tmp/ray/session_2026-03-25_09-37-34_308281_70514/ports_by_node.json.lock
Lock 4723482128 acquired on /tmp/ray/session_2026-03-25_09-37-34_308281_70514/ports_by_node.json.lock
Attempting to release lock 4723482128 on /tmp/ray/session_2026-03-25_09-37-34_308281_70514/ports_by_node.json.lock
Lock 4723482128 released on /tmp/ray/session_2026-03-25_09-37-34_308281_70514/ports_by_node.json.lock
Attempting to acquire lock 4723482256 on /tmp/ray/session_2026-03-25_09-37-34_308281_70514/ports_by_node.json.lock
Lock 4723482256 acquired on /tmp/ray/session_2026-03-25_09-37-34_308281_70514/ports_by_node.json.lock
Attempting to release lock 4723482256 on /tmp/ray/session_2026-03-25_09-37-34_308281_70514/ports_by_node.json.lock
Lock 4723482256 released on /tmp/ray/session_2026-03-25_09-37-34_308281_70514/ports_by_node.json.lock
Attempting to acquire lock 4723482320 on /tmp/ray/session_2026-03-25_09-37-34_308281_70514/ports_by_node.json.lock
Lock 4723482320 acquired on /tmp/ray/session_2026-03-25_09-37-34_308281_70514/ports_by_node.json.lock
Attempting to release lock 4723482320 on /tmp/ray/session_2026-03-25_09-37-34_308281_70514/ports_by_node.json.lock
Lock 4723482320 released on /tmp/ray/session_2026-03-25_09-37-34_308281_70514/ports_by_node.json.lock
[2m2026-03-25T01:37:38.801634Z[0m [[32m[1mdebug    [0m] [1mCreating new service instance [0m [36mfunc_name[0m=[35mget_service[0m [36minstance_key[0m=[35mclickhouse_db:133146708735736[0m [36mlineno[0m=[35m54[0m [36mservice_type[0m=[35mclickhouse_db[0m
[2m2026-03-25T01:38:37.277433Z[0m [[32m[1minfo     [0m] [1mResolved App Config           [0m [36mconfig[0m=[35m{'ARGV_PREFIX': '--APP', 'LOAD_DOTENV': True}[0m [36mfunc_name[0m=[35m__init__[0m [36mlineno[0m=[35m90[0m
Attempting to acquire lock 4549499792 on /tmp/ray/session_2026-03-25_09-38-37_371523_71262/node_ip_address.json.lock
Lock 4549499792 acquired on /tmp/ray/session_2026-03-25_09-38-37_371523_71262/node_ip_address.json.lock
Attempting to release lock 4549499792 on /tmp/ray/session_2026-03-25_09-38-37_371523_71262/node_ip_address.json.lock
Lock 4549499792 released on /tmp/ray/session_2026-03-25_09-38-37_371523_71262/node_ip_address.json.lock
Attempting to acquire lock 4549499600 on /tmp/ray/session_2026-03-25_09-38-37_371523_71262/ports_by_node.json.lock
Lock 4549499600 acquired on /tmp/ray/session_2026-03-25_09-38-37_371523_71262/ports_by_node.json.lock
Attempting to release lock 4549499600 on /tmp/ray/session_2026-03-25_09-38-37_371523_71262/ports_by_node.json.lock
Lock 4549499600 released on /tmp/ray/session_2026-03-25_09-38-37_371523_71262/ports_by_node.json.lock
Attempting to acquire lock 4549500688 on /tmp/ray/session_2026-03-25_09-38-37_371523_71262/ports_by_node.json.lock
Lock 4549500688 acquired on /tmp/ray/session_2026-03-25_09-38-37_371523_71262/ports_by_node.json.lock
Attempting to release lock 4549500688 on /tmp/ray/session_2026-03-25_09-38-37_371523_71262/ports_by_node.json.lock
Lock 4549500688 released on /tmp/ray/session_2026-03-25_09-38-37_371523_71262/ports_by_node.json.lock
Attempting to acquire lock 4549500880 on /tmp/ray/session_2026-03-25_09-38-37_371523_71262/ports_by_node.json.lock
Lock 4549500880 acquired on /tmp/ray/session_2026-03-25_09-38-37_371523_71262/ports_by_node.json.lock
Attempting to release lock 4549500880 on /tmp/ray/session_2026-03-25_09-38-37_371523_71262/ports_by_node.json.lock
Lock 4549500880 released on /tmp/ray/session_2026-03-25_09-38-37_371523_71262/ports_by_node.json.lock
Attempting to acquire lock 4549501008 on /tmp/ray/session_2026-03-25_09-38-37_371523_71262/ports_by_node.json.lock
Lock 4549501008 acquired on /tmp/ray/session_2026-03-25_09-38-37_371523_71262/ports_by_node.json.lock
Attempting to release lock 4549501008 on /tmp/ray/session_2026-03-25_09-38-37_371523_71262/ports_by_node.json.lock
Lock 4549501008 released on /tmp/ray/session_2026-03-25_09-38-37_371523_71262/ports_by_node.json.lock
Attempting to acquire lock 4549501136 on /tmp/ray/session_2026-03-25_09-38-37_371523_71262/ports_by_node.json.lock
Lock 4549501136 acquired on /tmp/ray/session_2026-03-25_09-38-37_371523_71262/ports_by_node.json.lock
Attempting to release lock 4549501136 on /tmp/ray/session_2026-03-25_09-38-37_371523_71262/ports_by_node.json.lock
Lock 4549501136 released on /tmp/ray/session_2026-03-25_09-38-37_371523_71262/ports_by_node.json.lock
[2m2026-03-25T01:38:42.177898Z[0m [[32m[1mdebug    [0m] [1mCreating new service instance [0m [36mfunc_name[0m=[35mget_service[0m [36minstance_key[0m=[35mclickhouse_db:133146708735736[0m [36mlineno[0m=[35m54[0m [36mservice_type[0m=[35mclickhouse_db[0m
[2m2026-03-25T01:41:06.760141Z[0m [[32m[1minfo     [0m] [1mResolved App Config           [0m [36mconfig[0m=[35m{'ARGV_PREFIX': '--APP', 'LOAD_DOTENV': True}[0m [36mfunc_name[0m=[35m__init__[0m [36mlineno[0m=[35m90[0m
Attempting to acquire lock 4664203984 on /tmp/ray/session_2026-03-25_09-41-06_808706_72940/node_ip_address.json.lock
Lock 4664203984 acquired on /tmp/ray/session_2026-03-25_09-41-06_808706_72940/node_ip_address.json.lock
Attempting to release lock 4664203984 on /tmp/ray/session_2026-03-25_09-41-06_808706_72940/node_ip_address.json.lock
Lock 4664203984 released on /tmp/ray/session_2026-03-25_09-41-06_808706_72940/node_ip_address.json.lock
Attempting to acquire lock 4664204432 on /tmp/ray/session_2026-03-25_09-41-06_808706_72940/ports_by_node.json.lock
Lock 4664204432 acquired on /tmp/ray/session_2026-03-25_09-41-06_808706_72940/ports_by_node.json.lock
Attempting to release lock 4664204432 on /tmp/ray/session_2026-03-25_09-41-06_808706_72940/ports_by_node.json.lock
Lock 4664204432 released on /tmp/ray/session_2026-03-25_09-41-06_808706_72940/ports_by_node.json.lock
Attempting to acquire lock 4664205008 on /tmp/ray/session_2026-03-25_09-41-06_808706_72940/ports_by_node.json.lock
Lock 4664205008 acquired on /tmp/ray/session_2026-03-25_09-41-06_808706_72940/ports_by_node.json.lock
Attempting to release lock 4664205008 on /tmp/ray/session_2026-03-25_09-41-06_808706_72940/ports_by_node.json.lock
Lock 4664205008 released on /tmp/ray/session_2026-03-25_09-41-06_808706_72940/ports_by_node.json.lock
Attempting to acquire lock 4664204752 on /tmp/ray/session_2026-03-25_09-41-06_808706_72940/ports_by_node.json.lock
Lock 4664204752 acquired on /tmp/ray/session_2026-03-25_09-41-06_808706_72940/ports_by_node.json.lock
Attempting to release lock 4664204752 on /tmp/ray/session_2026-03-25_09-41-06_808706_72940/ports_by_node.json.lock
Lock 4664204752 released on /tmp/ray/session_2026-03-25_09-41-06_808706_72940/ports_by_node.json.lock
Attempting to acquire lock 4664205200 on /tmp/ray/session_2026-03-25_09-41-06_808706_72940/ports_by_node.json.lock
Lock 4664205200 acquired on /tmp/ray/session_2026-03-25_09-41-06_808706_72940/ports_by_node.json.lock
Attempting to release lock 4664205200 on /tmp/ray/session_2026-03-25_09-41-06_808706_72940/ports_by_node.json.lock
Lock 4664205200 released on /tmp/ray/session_2026-03-25_09-41-06_808706_72940/ports_by_node.json.lock
Attempting to acquire lock 4664205328 on /tmp/ray/session_2026-03-25_09-41-06_808706_72940/ports_by_node.json.lock
Lock 4664205328 acquired on /tmp/ray/session_2026-03-25_09-41-06_808706_72940/ports_by_node.json.lock
Attempting to release lock 4664205328 on /tmp/ray/session_2026-03-25_09-41-06_808706_72940/ports_by_node.json.lock
Lock 4664205328 released on /tmp/ray/session_2026-03-25_09-41-06_808706_72940/ports_by_node.json.lock
[2m2026-03-25T01:41:11.603996Z[0m [[32m[1mdebug    [0m] [1mCreating new service instance [0m [36mfunc_name[0m=[35mget_service[0m [36minstance_key[0m=[35mclickhouse_db:133146708735736[0m [36mlineno[0m=[35m54[0m [36mservice_type[0m=[35mclickhouse_db[0m
